[0.043s] Invoking command in '/home/xytron/osy_250720/build/motor_node_cpp': CMAKE_PREFIX_PATH=${CMAKE_PREFIX_PATH}:/home/xytron/xycar_ws/install/yolo_ros:/home/xytron/xycar_ws/install/xycar_sim_parking:/home/xytron/xycar_ws/install/xycar_sim_driving:/home/xytron/xycar_ws/install/orda:/home/xytron/xycar_ws/install/my_ultra:/home/xytron/xycar_ws/install/my_lidar:/home/xytron/xycar_ws/install/my_cam:/home/xytron/xycar_ws/install/manual_drive:/home/xytron/xycar_ws/install/xycar_motor:/home/xytron/xycar_ws/install/xycar_imu:/home/xytron/xycar_ws/install/xycar_cam:/home/xytron/xycar_ws/install/my_motor:/home/xytron/xycar_ws/install/my_imu:/home/xytron/xycar_ws/install/my_hough:/home/xytron/xycar_ws/install/app_ultra_viewer:/home/xytron/xycar_ws/install/app_turtlesim:/home/xytron/xycar_ws/install/app_sensor_drive:/home/xytron/xycar_ws/install/app_rule_drive_sim:/home/xytron/xycar_ws/install/app_pubsub:/home/xytron/xycar_ws/install/app_path_planning:/home/xytron/xycar_ws/install/app_hough_drive:/home/xytron/xycar_ws/install/app_cam_exposure:/home/xytron/xycar_ws/install/app_8_drive:/opt/ros/humble /usr/bin/cmake --build /home/xytron/osy_250720/build/motor_node_cpp -- -j16 -l16
[0.178s] [35m[1mConsolidate compiler generated dependencies of target motor_node[0m
[0.198s] [100%] Built target motor_node
[0.209s] Invoked command in '/home/xytron/osy_250720/build/motor_node_cpp' returned '0': CMAKE_PREFIX_PATH=${CMAKE_PREFIX_PATH}:/home/xytron/xycar_ws/install/yolo_ros:/home/xytron/xycar_ws/install/xycar_sim_parking:/home/xytron/xycar_ws/install/xycar_sim_driving:/home/xytron/xycar_ws/install/orda:/home/xytron/xycar_ws/install/my_ultra:/home/xytron/xycar_ws/install/my_lidar:/home/xytron/xycar_ws/install/my_cam:/home/xytron/xycar_ws/install/manual_drive:/home/xytron/xycar_ws/install/xycar_motor:/home/xytron/xycar_ws/install/xycar_imu:/home/xytron/xycar_ws/install/xycar_cam:/home/xytron/xycar_ws/install/my_motor:/home/xytron/xycar_ws/install/my_imu:/home/xytron/xycar_ws/install/my_hough:/home/xytron/xycar_ws/install/app_ultra_viewer:/home/xytron/xycar_ws/install/app_turtlesim:/home/xytron/xycar_ws/install/app_sensor_drive:/home/xytron/xycar_ws/install/app_rule_drive_sim:/home/xytron/xycar_ws/install/app_pubsub:/home/xytron/xycar_ws/install/app_path_planning:/home/xytron/xycar_ws/install/app_hough_drive:/home/xytron/xycar_ws/install/app_cam_exposure:/home/xytron/xycar_ws/install/app_8_drive:/opt/ros/humble /usr/bin/cmake --build /home/xytron/osy_250720/build/motor_node_cpp -- -j16 -l16
[0.255s] Invoking command in '/home/xytron/osy_250720/build/motor_node_cpp': CMAKE_PREFIX_PATH=${CMAKE_PREFIX_PATH}:/home/xytron/xycar_ws/install/yolo_ros:/home/xytron/xycar_ws/install/xycar_sim_parking:/home/xytron/xycar_ws/install/xycar_sim_driving:/home/xytron/xycar_ws/install/orda:/home/xytron/xycar_ws/install/my_ultra:/home/xytron/xycar_ws/install/my_lidar:/home/xytron/xycar_ws/install/my_cam:/home/xytron/xycar_ws/install/manual_drive:/home/xytron/xycar_ws/install/xycar_motor:/home/xytron/xycar_ws/install/xycar_imu:/home/xytron/xycar_ws/install/xycar_cam:/home/xytron/xycar_ws/install/my_motor:/home/xytron/xycar_ws/install/my_imu:/home/xytron/xycar_ws/install/my_hough:/home/xytron/xycar_ws/install/app_ultra_viewer:/home/xytron/xycar_ws/install/app_turtlesim:/home/xytron/xycar_ws/install/app_sensor_drive:/home/xytron/xycar_ws/install/app_rule_drive_sim:/home/xytron/xycar_ws/install/app_pubsub:/home/xytron/xycar_ws/install/app_path_planning:/home/xytron/xycar_ws/install/app_hough_drive:/home/xytron/xycar_ws/install/app_cam_exposure:/home/xytron/xycar_ws/install/app_8_drive:/opt/ros/humble /usr/bin/cmake --install /home/xytron/osy_250720/build/motor_node_cpp
[0.320s] -- Install configuration: ""
[0.323s] -- Up-to-date: /home/xytron/osy_250720/install/motor_node_cpp/lib/motor_node_cpp/motor_node
[0.324s] -- Up-to-date: /home/xytron/osy_250720/install/motor_node_cpp/share/motor_node_cpp//launch
[0.324s] -- Installing: /home/xytron/osy_250720/install/motor_node_cpp/share/motor_node_cpp//launch/motor_node.launch.py
[0.326s] -- Up-to-date: /home/xytron/osy_250720/install/motor_node_cpp/share/ament_index/resource_index/package_run_dependencies/motor_node_cpp
[0.328s] -- Up-to-date: /home/xytron/osy_250720/install/motor_node_cpp/share/ament_index/resource_index/parent_prefix_path/motor_node_cpp
[0.329s] -- Up-to-date: /home/xytron/osy_250720/install/motor_node_cpp/share/motor_node_cpp/environment/ament_prefix_path.sh
[0.331s] -- Up-to-date: /home/xytron/osy_250720/install/motor_node_cpp/share/motor_node_cpp/environment/ament_prefix_path.dsv
[0.331s] -- Up-to-date: /home/xytron/osy_250720/install/motor_node_cpp/share/motor_node_cpp/environment/path.sh
[0.331s] -- Up-to-date: /home/xytron/osy_250720/install/motor_node_cpp/share/motor_node_cpp/environment/path.dsv
[0.332s] -- Up-to-date: /home/xytron/osy_250720/install/motor_node_cpp/share/motor_node_cpp/local_setup.bash
[0.332s] -- Up-to-date: /home/xytron/osy_250720/install/motor_node_cpp/share/motor_node_cpp/local_setup.sh
[0.332s] -- Up-to-date: /home/xytron/osy_250720/install/motor_node_cpp/share/motor_node_cpp/local_setup.zsh
[0.334s] -- Up-to-date: /home/xytron/osy_250720/install/motor_node_cpp/share/motor_node_cpp/local_setup.dsv
[0.335s] -- Installing: /home/xytron/osy_250720/install/motor_node_cpp/share/motor_node_cpp/package.dsv
[0.337s] -- Up-to-date: /home/xytron/osy_250720/install/motor_node_cpp/share/ament_index/resource_index/packages/motor_node_cpp
[0.337s] -- Up-to-date: /home/xytron/osy_250720/install/motor_node_cpp/share/motor_node_cpp/cmake/motor_node_cppConfig.cmake
[0.338s] -- Up-to-date: /home/xytron/osy_250720/install/motor_node_cpp/share/motor_node_cpp/cmake/motor_node_cppConfig-version.cmake
[0.338s] -- Up-to-date: /home/xytron/osy_250720/install/motor_node_cpp/share/motor_node_cpp/package.xml
[0.352s] Invoked command in '/home/xytron/osy_250720/build/motor_node_cpp' returned '0': CMAKE_PREFIX_PATH=${CMAKE_PREFIX_PATH}:/home/xytron/xycar_ws/install/yolo_ros:/home/xytron/xycar_ws/install/xycar_sim_parking:/home/xytron/xycar_ws/install/xycar_sim_driving:/home/xytron/xycar_ws/install/orda:/home/xytron/xycar_ws/install/my_ultra:/home/xytron/xycar_ws/install/my_lidar:/home/xytron/xycar_ws/install/my_cam:/home/xytron/xycar_ws/install/manual_drive:/home/xytron/xycar_ws/install/xycar_motor:/home/xytron/xycar_ws/install/xycar_imu:/home/xytron/xycar_ws/install/xycar_cam:/home/xytron/xycar_ws/install/my_motor:/home/xytron/xycar_ws/install/my_imu:/home/xytron/xycar_ws/install/my_hough:/home/xytron/xycar_ws/install/app_ultra_viewer:/home/xytron/xycar_ws/install/app_turtlesim:/home/xytron/xycar_ws/install/app_sensor_drive:/home/xytron/xycar_ws/install/app_rule_drive_sim:/home/xytron/xycar_ws/install/app_pubsub:/home/xytron/xycar_ws/install/app_path_planning:/home/xytron/xycar_ws/install/app_hough_drive:/home/xytron/xycar_ws/install/app_cam_exposure:/home/xytron/xycar_ws/install/app_8_drive:/opt/ros/humble /usr/bin/cmake --install /home/xytron/osy_250720/build/motor_node_cpp
