[35m[1mConsolidate compiler generated dependencies of target motor_node[0m
[100%] Built target motor_node
-- Install configuration: ""
-- Up-to-date: /home/xytron/osy_250720/install/motor_node_cpp/lib/motor_node_cpp/motor_node
-- Up-to-date: /home/xytron/osy_250720/install/motor_node_cpp/share/motor_node_cpp//launch
-- Installing: /home/xytron/osy_250720/install/motor_node_cpp/share/motor_node_cpp//launch/motor_node.launch.py
-- Up-to-date: /home/xytron/osy_250720/install/motor_node_cpp/share/ament_index/resource_index/package_run_dependencies/motor_node_cpp
-- Up-to-date: /home/xytron/osy_250720/install/motor_node_cpp/share/ament_index/resource_index/parent_prefix_path/motor_node_cpp
-- Up-to-date: /home/xytron/osy_250720/install/motor_node_cpp/share/motor_node_cpp/environment/ament_prefix_path.sh
-- Up-to-date: /home/xytron/osy_250720/install/motor_node_cpp/share/motor_node_cpp/environment/ament_prefix_path.dsv
-- Up-to-date: /home/xytron/osy_250720/install/motor_node_cpp/share/motor_node_cpp/environment/path.sh
-- Up-to-date: /home/xytron/osy_250720/install/motor_node_cpp/share/motor_node_cpp/environment/path.dsv
-- Up-to-date: /home/xytron/osy_250720/install/motor_node_cpp/share/motor_node_cpp/local_setup.bash
-- Up-to-date: /home/xytron/osy_250720/install/motor_node_cpp/share/motor_node_cpp/local_setup.sh
-- Up-to-date: /home/xytron/osy_250720/install/motor_node_cpp/share/motor_node_cpp/local_setup.zsh
-- Up-to-date: /home/xytron/osy_250720/install/motor_node_cpp/share/motor_node_cpp/local_setup.dsv
-- Installing: /home/xytron/osy_250720/install/motor_node_cpp/share/motor_node_cpp/package.dsv
-- Up-to-date: /home/xytron/osy_250720/install/motor_node_cpp/share/ament_index/resource_index/packages/motor_node_cpp
-- Up-to-date: /home/xytron/osy_250720/install/motor_node_cpp/share/motor_node_cpp/cmake/motor_node_cppConfig.cmake
-- Up-to-date: /home/xytron/osy_250720/install/motor_node_cpp/share/motor_node_cpp/cmake/motor_node_cppConfig-version.cmake
-- Up-to-date: /home/xytron/osy_250720/install/motor_node_cpp/share/motor_node_cpp/package.xml
